--------- beginning of main
06-19 11:58:33.800 E/msys    (19898): E[N mns:DGWClient]_LogError(304)=>Failed to resolve using system DNS resolver, getaddrinfo(): No address associated with hostname
06-19 11:58:33.806 E/msys    (19898): E[N mns:DGWClient]_LogError(304)=>Failed to resolve using system DNS resolver, getaddrinfo(): No address associated with hostname
06-19 11:58:34.408 E/BackupHelper(31098): Could not parse delayed permissions
06-19 11:58:34.408 E/BackupHelper(31098): java.io.FileNotFoundException: /data/user_de/0/com.google.android.permissioncontroller/files/delayed_restore_permissions.xml: open failed: ENOENT (No such file or directory)
06-19 11:58:34.408 E/BackupHelper(31098): 	at libcore.io.IoBridge.open(IoBridge.java:574)
06-19 11:58:34.408 E/BackupHelper(31098): 	at java.io.FileInputStream.<init>(FileInputStream.java:179)
06-19 11:58:34.408 E/BackupHelper(31098): 	at android.app.ContextImpl.openFileInput(ContextImpl.java:731)
06-19 11:58:34.408 E/BackupHelper(31098): 	at com.android.permissioncontroller.permission.service.BackupHelper.restoreDelayedState(BackupHelper.java:408)
06-19 11:58:34.408 E/BackupHelper(31098): 	at com.android.permissioncontroller.permission.service.PermissionControllerServiceImpl.onRestoreDelayedRuntimePermissionsBackup(PermissionControllerServiceImpl.java:429)
06-19 11:58:34.408 E/BackupHelper(31098): 	at com.android.permissioncontroller.permission.service.PermissionControllerServiceImpl.lambda$onApplyStagedRuntimePermissionBackup$4(PermissionControllerServiceImpl.java:423)
06-19 11:58:34.408 E/BackupHelper(31098): 	at com.android.permissioncontroller.permission.service.PermissionControllerServiceImpl.$r8$lambda$TbAZrpVHU85LYBnlVdzyQvclH0Q(PermissionControllerServiceImpl.java:0)
06-19 11:58:34.408 E/BackupHelper(31098): 	at com.android.permissioncontroller.permission.service.PermissionControllerServiceImpl$$ExternalSyntheticLambda4.run(R8$$SyntheticClass:0)
06-19 11:58:34.408 E/BackupHelper(31098): 	at android.os.AsyncTask$SerialExecutor$1.run(AsyncTask.java:305)
06-19 11:58:34.408 E/BackupHelper(31098): 	at java.util.concurrent.ThreadPoolExecutor.runWorker(ThreadPoolExecutor.java:1100)
06-19 11:58:34.408 E/BackupHelper(31098): 	at java.util.concurrent.ThreadPoolExecutor$Worker.run(ThreadPoolExecutor.java:624)
06-19 11:58:34.408 E/BackupHelper(31098): 	at java.lang.Thread.run(Thread.java:1572)
06-19 11:58:34.408 E/BackupHelper(31098): Caused by: android.system.ErrnoException: open failed: ENOENT (No such file or directory)
06-19 11:58:34.408 E/BackupHelper(31098): 	at libcore.io.Linux.open(Native Method)
06-19 11:58:34.408 E/BackupHelper(31098): 	at libcore.io.ForwardingOs.open(ForwardingOs.java:579)
06-19 11:58:34.408 E/BackupHelper(31098): 	at libcore.io.BlockGuardOs.open(BlockGuardOs.java:274)
06-19 11:58:34.408 E/BackupHelper(31098): 	at libcore.io.ForwardingOs.open(ForwardingOs.java:579)
06-19 11:58:34.408 E/BackupHelper(31098): 	at android.app.ActivityThread$AndroidOs.open(ActivityThread.java:8418)
06-19 11:58:34.408 E/BackupHelper(31098): 	at libcore.io.IoBridge.open(IoBridge.java:560)
06-19 11:58:34.408 E/BackupHelper(31098): 	... 11 more
06-19 11:58:34.466 E/CrashFixLancet(23395): androidx.room.RoomDatabase#beginTransaction
06-19 11:58:34.467 E/CrashFixLancet(23395): androidx.room.RoomDatabase#assertNotSuspendingTransaction
06-19 11:58:34.467 E/CrashFixLancet(23395): androidx.room.RoomDatabase#beginTransaction
06-19 11:58:34.467 E/CrashFixLancet(23395): androidx.room.RoomDatabase#assertNotSuspendingTransaction
06-19 11:58:34.468 E/CrashFixLancet(23395): androidx.room.RoomDatabase#endTransaction
06-19 11:58:34.469 E/CrashFixLancet(23395): androidx.room.RoomDatabase#assertNotSuspendingTransaction
06-19 11:58:34.469 E/CrashFixLancet(23395): androidx.room.RoomDatabase#beginTransaction
06-19 11:58:34.469 E/CrashFixLancet(23395): androidx.room.RoomDatabase#assertNotSuspendingTransaction
06-19 11:58:34.472 E/CrashFixLancet(23395): androidx.room.RoomDatabase#endTransaction
06-19 11:58:34.472 E/CrashFixLancet(23395): androidx.room.RoomDatabase#assertNotSuspendingTransaction
06-19 11:58:34.472 E/CrashFixLancet(23395): androidx.room.RoomDatabase#beginTransaction
06-19 11:58:34.473 E/CrashFixLancet(23395): androidx.room.RoomDatabase#endTransaction
06-19 11:58:34.473 E/CrashFixLancet(23395): androidx.room.RoomDatabase#endTransaction
06-19 11:58:34.571 E/CrashFixLancet(23395): androidx.room.RoomDatabase#beginTransaction
06-19 11:58:34.571 E/CrashFixLancet(23395): androidx.room.RoomDatabase#assertNotSuspendingTransaction
06-19 11:58:34.571 E/CrashFixLancet(23395): androidx.room.RoomDatabase#assertNotSuspendingTransaction
06-19 11:58:34.573 E/CrashFixLancet(23395): androidx.room.RoomDatabase#assertNotSuspendingTransaction
06-19 11:58:34.573 E/CrashFixLancet(23395): androidx.room.RoomDatabase#assertNotSuspendingTransaction
06-19 11:58:34.574 E/CrashFixLancet(23395): androidx.room.RoomDatabase#assertNotSuspendingTransaction
06-19 11:58:34.575 E/CrashFixLancet(23395): androidx.room.RoomDatabase#assertNotSuspendingTransaction
06-19 11:58:34.576 E/CrashFixLancet(23395): androidx.room.RoomDatabase#beginTransaction
06-19 11:58:34.576 E/CrashFixLancet(23395): androidx.room.RoomDatabase#endTransaction
06-19 11:58:34.576 E/CrashFixLancet(23395): androidx.room.RoomDatabase#endTransaction
06-19 11:58:34.609 E/CrashFixLancet(23395): androidx.room.RoomDatabase#query
06-19 11:58:34.610 E/CrashFixLancet(23395): androidx.room.RoomDatabase#assertNotSuspendingTransaction
06-19 11:58:34.617 E/CrashFixLancet(23395): androidx.room.RoomDatabase#assertNotSuspendingTransaction
06-19 11:58:34.617 E/CrashFixLancet(23395): androidx.room.RoomDatabase#assertNotSuspendingTransaction
06-19 11:58:34.618 E/CrashFixLancet(23395): androidx.room.RoomDatabase#beginTransaction
06-19 11:58:34.619 E/CrashFixLancet(23395): androidx.room.RoomDatabase#assertNotSuspendingTransaction
06-19 11:58:34.619 E/CrashFixLancet(23395): androidx.room.RoomDatabase#assertNotSuspendingTransaction
06-19 11:58:34.620 E/CrashFixLancet(23395): androidx.room.RoomDatabase#endTransaction
06-19 11:58:34.621 E/CrashFixLancet(23395): androidx.room.RoomDatabase#assertNotSuspendingTransaction
06-19 11:58:34.622 E/CrashFixLancet(23395): androidx.room.RoomDatabase#assertNotSuspendingTransaction
06-19 11:58:34.633 E/CrashFixLancet(23395): androidx.room.RoomDatabase#beginTransaction
06-19 11:58:34.634 E/CrashFixLancet(23395): androidx.room.RoomDatabase#assertNotSuspendingTransaction
06-19 11:58:34.634 E/CrashFixLancet(23395): androidx.room.RoomDatabase#assertNotSuspendingTransaction
06-19 11:58:34.635 E/CrashFixLancet(23395): androidx.room.RoomDatabase#assertNotSuspendingTransaction
06-19 11:58:34.636 E/CrashFixLancet(23395): androidx.room.RoomDatabase#assertNotSuspendingTransaction
06-19 11:58:34.637 E/CrashFixLancet(23395): androidx.room.RoomDatabase#beginTransaction
06-19 11:58:34.639 E/CrashFixLancet(23395): androidx.room.RoomDatabase#endTransaction
06-19 11:58:34.639 E/CrashFixLancet(23395): androidx.room.RoomDatabase#assertNotSuspendingTransaction
06-19 11:58:34.639 E/CrashFixLancet(23395): androidx.room.RoomDatabase#assertNotSuspendingTransaction
06-19 11:58:34.640 E/CrashFixLancet(23395): androidx.room.RoomDatabase#beginTransaction
06-19 11:58:34.640 E/CrashFixLancet(23395): androidx.room.RoomDatabase#endTransaction
06-19 11:58:34.640 E/CrashFixLancet(23395): androidx.room.RoomDatabase#endTransaction
06-19 11:58:34.656 E/CrashFixLancet(23395): androidx.room.RoomDatabase#query
06-19 11:58:34.656 E/CrashFixLancet(23395): androidx.room.RoomDatabase#assertNotSuspendingTransaction
06-19 11:58:34.669 E/VivoConfigStore(26022): key:vivo.software.multilandscape isCached is false and normal value is false
06-19 11:58:34.692 E/VivoConfigStore(26022): key:vivo.software.splitrecents isCached is false and normal value is false
06-19 11:58:34.694 E/VivoConfigStore(26022): key:vivo.software.splitratio isCached is false and normal value is false
06-19 11:58:34.698 E/VivoConfigStore(26022): key:vivo.software.multiwindowresidentbar isCached is false and normal value is false
06-19 11:58:34.704 E/VivoConfigStore(26022): key:vivo.software.hovermode isCached is false and normal value is false
06-19 11:58:34.710 E/RoleControllerServiceImpl(31098): Default/fallback role holder package doesn't qualify for the role, package: com.google.android.gms.supervision, role: android.app.role.SYSTEM_SUPERVISION, user: 0
06-19 11:58:34.738 E/VivoConfigStore( 3495): key:vivo.software.nightmode isCached is false and normal value is true
06-19 11:58:34.828 E/Dck     ( 4106): Could not get ProviderInfo when resolving the content provider authority. [CONTEXT service_id=289 ]
06-19 11:58:35.155 E/Finsky  (31201): [71] [Counters] attempted to use a non-positive increment for: 4752
06-19 11:58:35.204 E/Finsky  (31201): [71] [Counters] attempted to use a non-positive increment for: 4753
06-19 11:58:35.625 E/Finsky  (31201): [75] [Counters] attempted to use a non-positive increment for: 4752
06-19 11:58:35.642 E/Finsky  (31201): [75] [Counters] attempted to use a non-positive increment for: 4753
06-19 11:58:35.657 E/Finsky  (31201): [75] [Counters] attempted to use a non-positive increment for: 4752
06-19 11:58:35.668 E/Finsky  (31201): [75] [Counters] attempted to use a non-positive increment for: 4752
06-19 11:58:35.672 E/Finsky  (31201): [75] [Counters] attempted to use a non-positive increment for: 4753
06-19 11:58:35.674 E/Finsky  (31201): [75] [Counters] attempted to use a non-positive increment for: 4753
06-19 11:58:35.997 E/msys    (19898): E[N mns:DGWClient]_LogError(304)=>Failed to resolve using system DNS resolver, getaddrinfo(): No address associated with hostname
--------- beginning of system
06-19 11:58:37.061 E/ActivityThread(26022): Failed to find provider info for com.samsung.android.scloud.app.ui.datamigrator.linkcontext
06-19 11:58:37.179 E/VivoConfigStore(26290): key:vivo.software.multilandscape isCached is false and normal value is false
06-19 11:58:37.213 E/MATSDK  (26022): Invalid property name - "Singular/InitSkipReason": must contain [0-9A-Za-z_.] characters only
06-19 11:58:37.214 E/OneDSChannel(26022): Failed to add property: class java.lang.IllegalArgumentException name:Singular/InitSkipReason is invalid.
06-19 11:58:37.224 E/VivoConfigStore(26290): key:vivo.software.splitrecents isCached is false and normal value is false
06-19 11:58:37.225 E/VivoConfigStore(26290): key:vivo.software.splitratio isCached is false and normal value is false
06-19 11:58:37.227 E/VivoConfigStore(26290): key:vivo.software.multiwindowresidentbar isCached is false and normal value is false
06-19 11:58:37.231 E/VivoConfigStore(26302): key:vivo.software.multilandscape isCached is false and normal value is false
06-19 11:58:37.233 E/VivoConfigStore(26302): key:vivo.software.splitrecents isCached is false and normal value is false
06-19 11:58:37.237 E/VivoConfigStore(26302): key:vivo.software.splitratio isCached is false and normal value is false
06-19 11:58:37.240 E/VivoConfigStore(26302): key:vivo.software.multiwindowresidentbar isCached is false and normal value is false
06-19 11:58:37.245 E/VivoConfigStore(26302): key:vivo.software.hovermode isCached is false and normal value is false
06-19 11:58:37.249 E/VivoConfigStore(26290): key:vivo.software.hovermode isCached is false and normal value is false
06-19 11:58:37.263 E/VivoConfigStore(26305): key:vivo.software.multilandscape isCached is false and normal value is false
06-19 11:58:37.267 E/VivoConfigStore(26305): key:vivo.software.splitrecents isCached is false and normal value is false
06-19 11:58:37.269 E/VivoConfigStore(26305): key:vivo.software.splitratio isCached is false and normal value is false
06-19 11:58:37.271 E/VivoConfigStore(26305): key:vivo.software.multiwindowresidentbar isCached is false and normal value is false
06-19 11:58:37.275 E/VivoConfigStore(26321): key:vivo.software.multilandscape isCached is false and normal value is false
06-19 11:58:37.276 E/VivoConfigStore(26305): key:vivo.software.hovermode isCached is false and normal value is false
06-19 11:58:37.279 E/VivoConfigStore(26321): key:vivo.software.splitrecents isCached is false and normal value is false
06-19 11:58:37.281 E/VivoConfigStore(26321): key:vivo.software.splitratio isCached is false and normal value is false
06-19 11:58:37.284 E/VivoConfigStore(26300): key:vivo.software.multilandscape isCached is false and normal value is false
06-19 11:58:37.288 E/VivoConfigStore(26321): key:vivo.software.multiwindowresidentbar isCached is false and normal value is false
06-19 11:58:37.296 E/VivoConfigStore(26321): key:vivo.software.hovermode isCached is false and normal value is false
06-19 11:58:37.302 E/VivoConfigStore(26300): key:vivo.software.splitrecents isCached is false and normal value is false
06-19 11:58:37.306 E/VivoConfigStore(26300): key:vivo.software.splitratio isCached is false and normal value is false
06-19 11:58:37.314 E/VivoConfigStore(26300): key:vivo.software.multiwindowresidentbar isCached is false and normal value is false
06-19 11:58:37.317 E/VivoConfigStore(26300): key:vivo.software.hovermode isCached is false and normal value is false
06-19 11:58:37.326 E/VivoConfigStore(26351): key:vivo.software.multilandscape isCached is false and normal value is false
06-19 11:58:37.328 E/VivoConfigStore(26351): key:vivo.software.splitrecents isCached is false and normal value is false
06-19 11:58:37.334 E/VivoConfigStore(26351): key:vivo.software.splitratio isCached is false and normal value is false
06-19 11:58:37.340 E/VivoConfigStore(26351): key:vivo.software.multiwindowresidentbar isCached is false and normal value is false
06-19 11:58:37.343 E/VivoConfigStore(26351): key:vivo.software.hovermode isCached is false and normal value is false
06-19 11:58:37.345 E/VivoConfigStore(26364): key:vivo.software.multilandscape isCached is false and normal value is false
06-19 11:58:37.349 E/VivoConfigStore(26364): key:vivo.software.splitrecents isCached is false and normal value is false
06-19 11:58:37.360 E/VivoConfigStore(26364): key:vivo.software.splitratio isCached is false and normal value is false
06-19 11:58:37.367 E/VivoConfigStore(26364): key:vivo.software.multiwindowresidentbar isCached is false and normal value is false
06-19 11:58:37.368 E/VivoConfigStore(26364): key:vivo.software.hovermode isCached is false and normal value is false
06-19 11:58:37.769 E/VivoConfigStore(26400): key:vivo.software.multilandscape isCached is false and normal value is false
06-19 11:58:37.772 E/VivoConfigStore(26400): key:vivo.software.splitrecents isCached is false and normal value is false
06-19 11:58:37.773 E/VivoConfigStore(26400): key:vivo.software.splitratio isCached is false and normal value is false
06-19 11:58:37.774 E/VivoConfigStore(26400): key:vivo.software.multiwindowresidentbar isCached is false and normal value is false
06-19 11:58:37.775 E/VivoConfigStore(26400): key:vivo.software.hovermode isCached is false and normal value is false
06-19 11:58:38.166 E/RoleControllerServiceImpl(31098): Default/fallback role holder package doesn't qualify for the role, package: com.google.android.gms.supervision, role: android.app.role.SYSTEM_SUPERVISION, user: 0
06-19 11:58:38.195 E/VivoConfigStore(26429): key:vivo.software.multilandscape isCached is false and normal value is false
06-19 11:58:38.196 E/VivoConfigStore(26429): key:vivo.software.splitrecents isCached is false and normal value is false
06-19 11:58:38.197 E/VivoConfigStore(26429): key:vivo.software.splitratio isCached is false and normal value is false
06-19 11:58:38.199 E/VivoConfigStore(26429): key:vivo.software.multiwindowresidentbar isCached is false and normal value is false
06-19 11:58:38.201 E/VivoConfigStore(26429): key:vivo.software.hovermode isCached is false and normal value is false
06-19 11:58:38.694 E/fice.officelens(26305): No implementation found for void com.microsoft.authentication.internal.Logging.nativeEnsureStaticLogCallback() (tried Java_com_microsoft_authentication_internal_Logging_nativeEnsureStaticLogCallback and Java_com_microsoft_authentication_internal_Logging_nativeEnsureStaticLogCallback__) - is the library loaded, e.g. System.loadLibrary?
06-19 11:58:38.696 E/fice.officelens(26305): No implementation found for void com.microsoft.authentication.internal.DiagnosticsAccumulator.logEvent(int, long, int, java.lang.String) (tried Java_com_microsoft_authentication_internal_DiagnosticsAccumulator_logEvent and Java_com_microsoft_authentication_internal_DiagnosticsAccumulator_logEvent__IJILjava_lang_String_2) - is the library loaded, e.g. System.loadLibrary?
06-19 11:58:38.696 E/fice.officelens(26305): No implementation found for java.lang.String com.microsoft.authentication.internal.SharedUtil.tagToString(int) (tried Java_com_microsoft_authentication_internal_SharedUtil_tagToString and Java_com_microsoft_authentication_internal_SharedUtil_tagToString__I) - is the library loaded, e.g. System.loadLibrary?
06-19 11:58:38.871 E/ActivityThread(26290): Failed to find provider info for com.microsoft.yourphonecompanion.contentprovider.featureoverride
06-19 11:58:38.923 E/fice.officelens(26305): No implementation found for int com.microsoft.authentication.internal.Logging.nativeGetLoggingThreadId() (tried Java_com_microsoft_authentication_internal_Logging_nativeGetLoggingThreadId and Java_com_microsoft_authentication_internal_Logging_nativeGetLoggingThreadId__) - is the library loaded, e.g. System.loadLibrary?
06-19 11:58:38.923 E/fice.officelens(26305): No implementation found for java.lang.String com.microsoft.authentication.internal.OneAuthLogging.getCorrelationIdString() (tried Java_com_microsoft_authentication_internal_OneAuthLogging_getCorrelationIdString and Java_com_microsoft_authentication_internal_OneAuthLogging_getCorrelationIdString__) - is the library loaded, e.g. System.loadLibrary?
06-19 11:58:39.013 E/fice.officelens(26305): No implementation found for java.lang.String com.microsoft.authentication.internal.OneAuthLogging.getCorrelationIdString() (tried Java_com_microsoft_authentication_internal_OneAuthLogging_getCorrelationIdString and Java_com_microsoft_authentication_internal_OneAuthLogging_getCorrelationIdString__) - is the library loaded, e.g. System.loadLibrary?
06-19 11:58:39.028 E/fice.officelens(26305): No implementation found for java.lang.String com.microsoft.authentication.internal.OneAuthLogging.getCorrelationIdString() (tried Java_com_microsoft_authentication_internal_OneAuthLogging_getCorrelationIdString and Java_com_microsoft_authentication_internal_OneAuthLogging_getCorrelationIdString__) - is the library loaded, e.g. System.loadLibrary?
06-19 11:58:39.038 E/ft.office.excel(26300): No implementation found for void com.microsoft.authentication.internal.Logging.nativeEnsureStaticLogCallback() (tried Java_com_microsoft_authentication_internal_Logging_nativeEnsureStaticLogCallback and Java_com_microsoft_authentication_internal_Logging_nativeEnsureStaticLogCallback__) - is the library loaded, e.g. System.loadLibrary?
06-19 11:58:39.055 E/ft.office.excel(26300): No implementation found for void com.microsoft.authentication.internal.DiagnosticsAccumulator.logEvent(int, long, int, java.lang.String) (tried Java_com_microsoft_authentication_internal_DiagnosticsAccumulator_logEvent and Java_com_microsoft_authentication_internal_DiagnosticsAccumulator_logEvent__IJILjava_lang_String_2) - is the library loaded, e.g. System.loadLibrary?
06-19 11:58:39.057 E/ft.office.excel(26300): No implementation found for java.lang.String com.microsoft.authentication.internal.SharedUtil.tagToString(int) (tried Java_com_microsoft_authentication_internal_SharedUtil_tagToString and Java_com_microsoft_authentication_internal_SharedUtil_tagToString__I) - is the library loaded, e.g. System.loadLibrary?
06-19 11:58:39.117 E/fice.powerpoint(26351): No implementation found for void com.microsoft.authentication.internal.Logging.nativeEnsureStaticLogCallback() (tried Java_com_microsoft_authentication_internal_Logging_nativeEnsureStaticLogCallback and Java_com_microsoft_authentication_internal_Logging_nativeEnsureStaticLogCallback__) - is the library loaded, e.g. System.loadLibrary?
06-19 11:58:39.141 E/fice.powerpoint(26351): No implementation found for void com.microsoft.authentication.internal.DiagnosticsAccumulator.logEvent(int, long, int, java.lang.String) (tried Java_com_microsoft_authentication_internal_DiagnosticsAccumulator_logEvent and Java_com_microsoft_authentication_internal_DiagnosticsAccumulator_logEvent__IJILjava_lang_String_2) - is the library loaded, e.g. System.loadLibrary?
06-19 11:58:39.142 E/fice.powerpoint(26351): No implementation found for java.lang.String com.microsoft.authentication.internal.SharedUtil.tagToString(int) (tried Java_com_microsoft_authentication_internal_SharedUtil_tagToString and Java_com_microsoft_authentication_internal_SharedUtil_tagToString__I) - is the library loaded, e.g. System.loadLibrary?
06-19 11:58:39.193 E/ActivityThread(26290): Failed to find provider info for com.samsung.android.mdx.windowslink.Tile.Provider
06-19 11:58:39.244 E/ft.office.excel(26300): No implementation found for void com.microsoft.authentication.internal.DiagnosticsAccumulator.logEvent(int, long, int, java.lang.String) (tried Java_com_microsoft_authentication_internal_DiagnosticsAccumulator_logEvent and Java_com_microsoft_authentication_internal_DiagnosticsAccumulator_logEvent__IJILjava_lang_String_2) - is the library loaded, e.g. System.loadLibrary?
06-19 11:58:39.244 E/ft.office.excel(26300): No implementation found for java.lang.String com.microsoft.authentication.internal.SharedUtil.tagToString(int) (tried Java_com_microsoft_authentication_internal_SharedUtil_tagToString and Java_com_microsoft_authentication_internal_SharedUtil_tagToString__I) - is the library loaded, e.g. System.loadLibrary?
06-19 11:58:39.286 E/ft.office.excel(26300): No implementation found for void com.microsoft.authentication.internal.DiagnosticsAccumulator.logEvent(int, long, int, java.lang.String) (tried Java_com_microsoft_authentication_internal_DiagnosticsAccumulator_logEvent and Java_com_microsoft_authentication_internal_DiagnosticsAccumulator_logEvent__IJILjava_lang_String_2) - is the library loaded, e.g. System.loadLibrary?
06-19 11:58:39.287 E/ft.office.excel(26300): No implementation found for java.lang.String com.microsoft.authentication.internal.SharedUtil.tagToString(int) (tried Java_com_microsoft_authentication_internal_SharedUtil_tagToString and Java_com_microsoft_authentication_internal_SharedUtil_tagToString__I) - is the library loaded, e.g. System.loadLibrary?
06-19 11:58:39.283 E/ft.office.excel(26300): No implementation found for void com.microsoft.authentication.internal.DiagnosticsAccumulator.logEvent(int, long, int, java.lang.String) (tried Java_com_microsoft_authentication_internal_DiagnosticsAccumulator_logEvent and Java_com_microsoft_authentication_internal_DiagnosticsAccumulator_logEvent__IJILjava_lang_String_2) - is the library loaded, e.g. System.loadLibrary?
06-19 11:58:39.288 E/ft.office.excel(26300): No implementation found for java.lang.String com.microsoft.authentication.internal.SharedUtil.tagToString(int) (tried Java_com_microsoft_authentication_internal_SharedUtil_tagToString and Java_com_microsoft_authentication_internal_SharedUtil_tagToString__I) - is the library loaded, e.g. System.loadLibrary?
06-19 11:58:39.289 E/ft.office.excel(26300): No implementation found for void com.microsoft.authentication.internal.DiagnosticsAccumulator.logEvent(int, long, int, java.lang.String) (tried Java_com_microsoft_authentication_internal_DiagnosticsAccumulator_logEvent and Java_com_microsoft_authentication_internal_DiagnosticsAccumulator_logEvent__IJILjava_lang_String_2) - is the library loaded, e.g. System.loadLibrary?
06-19 11:58:39.289 E/ft.office.excel(26300): No implementation found for java.lang.String com.microsoft.authentication.internal.SharedUtil.tagToString(int) (tried Java_com_microsoft_authentication_internal_SharedUtil_tagToString and Java_com_microsoft_authentication_internal_SharedUtil_tagToString__I) - is the library loaded, e.g. System.loadLibrary?
06-19 11:58:39.342 E/oft.office.word(26364): No implementation found for void com.microsoft.authentication.internal.Logging.nativeEnsureStaticLogCallback() (tried Java_com_microsoft_authentication_internal_Logging_nativeEnsureStaticLogCallback and Java_com_microsoft_authentication_internal_Logging_nativeEnsureStaticLogCallback__) - is the library loaded, e.g. System.loadLibrary?
06-19 11:58:39.345 E/oft.office.word(26364): No implementation found for void com.microsoft.authentication.internal.DiagnosticsAccumulator.logEvent(int, long, int, java.lang.String) (tried Java_com_microsoft_authentication_internal_DiagnosticsAccumulator_logEvent and Java_com_microsoft_authentication_internal_DiagnosticsAccumulator_logEvent__IJILjava_lang_String_2) - is the library loaded, e.g. System.loadLibrary?
06-19 11:58:39.345 E/oft.office.word(26364): No implementation found for java.lang.String com.microsoft.authentication.internal.SharedUtil.tagToString(int) (tried Java_com_microsoft_authentication_internal_SharedUtil_tagToString and Java_com_microsoft_authentication_internal_SharedUtil_tagToString__I) - is the library loaded, e.g. System.loadLibrary?
06-19 11:58:39.349 E/fice.powerpoint(26351): No implementation found for void com.microsoft.authentication.internal.DiagnosticsAccumulator.logEvent(int, long, int, java.lang.String) (tried Java_com_microsoft_authentication_internal_DiagnosticsAccumulator_logEvent and Java_com_microsoft_authentication_internal_DiagnosticsAccumulator_logEvent__IJILjava_lang_String_2) - is the library loaded, e.g. System.loadLibrary?
06-19 11:58:39.354 E/fice.powerpoint(26351): No implementation found for void com.microsoft.authentication.internal.DiagnosticsAccumulator.logEvent(int, long, int, java.lang.String) (tried Java_com_microsoft_authentication_internal_DiagnosticsAccumulator_logEvent and Java_com_microsoft_authentication_internal_DiagnosticsAccumulator_logEvent__IJILjava_lang_String_2) - is the library loaded, e.g. System.loadLibrary?
06-19 11:58:39.377 E/ft.office.excel(26300): No implementation found for int com.microsoft.authentication.internal.Logging.nativeGetLoggingThreadId() (tried Java_com_microsoft_authentication_internal_Logging_nativeGetLoggingThreadId and Java_com_microsoft_authentication_internal_Logging_nativeGetLoggingThreadId__) - is the library loaded, e.g. System.loadLibrary?
06-19 11:58:39.377 E/ft.office.excel(26300): No implementation found for java.lang.String com.microsoft.authentication.internal.OneAuthLogging.getCorrelationIdString() (tried Java_com_microsoft_authentication_internal_OneAuthLogging_getCorrelationIdString and Java_com_microsoft_authentication_internal_OneAuthLogging_getCorrelationIdString__) - is the library loaded, e.g. System.loadLibrary?
06-19 11:58:39.378 E/ft.office.excel(26300): No implementation found for java.lang.String com.microsoft.authentication.internal.OneAuthLogging.getCorrelationIdString() (tried Java_com_microsoft_authentication_internal_OneAuthLogging_getCorrelationIdString and Java_com_microsoft_authentication_internal_OneAuthLogging_getCorrelationIdString__) - is the library loaded, e.g. System.loadLibrary?
06-19 11:58:39.379 E/fice.powerpoint(26351): No implementation found for java.lang.String com.microsoft.authentication.internal.SharedUtil.tagToString(int) (tried Java_com_microsoft_authentication_internal_SharedUtil_tagToString and Java_com_microsoft_authentication_internal_SharedUtil_tagToString__I) - is the library loaded, e.g. System.loadLibrary?
06-19 11:58:39.380 E/fice.powerpoint(26351): No implementation found for java.lang.String com.microsoft.authentication.internal.SharedUtil.tagToString(int) (tried Java_com_microsoft_authentication_internal_SharedUtil_tagToString and Java_com_microsoft_authentication_internal_SharedUtil_tagToString__I) - is the library loaded, e.g. System.loadLibrary?
06-19 11:58:39.389 E/ft.office.excel(26300): No implementation found for java.lang.String com.microsoft.authentication.internal.OneAuthLogging.getCorrelationIdString() (tried Java_com_microsoft_authentication_internal_OneAuthLogging_getCorrelationIdString and Java_com_microsoft_authentication_internal_OneAuthLogging_getCorrelationIdString__) - is the library loaded, e.g. System.loadLibrary?
06-19 11:58:39.396 E/fice.powerpoint(26351): No implementation found for void com.microsoft.authentication.internal.DiagnosticsAccumulator.logEvent(int, long, int, java.lang.String) (tried Java_com_microsoft_authentication_internal_DiagnosticsAccumulator_logEvent and Java_com_microsoft_authentication_internal_DiagnosticsAccumulator_logEvent__IJILjava_lang_String_2) - is the library loaded, e.g. System.loadLibrary?
06-19 11:58:39.397 E/ft.office.excel(26300): No implementation found for java.lang.String com.microsoft.authentication.internal.OneAuthLogging.getCorrelationIdString() (tried Java_com_microsoft_authentication_internal_OneAuthLogging_getCorrelationIdString and Java_com_microsoft_authentication_internal_OneAuthLogging_getCorrelationIdString__) - is the library loaded, e.g. System.loadLibrary?
06-19 11:58:39.397 E/ft.office.excel(26300): No implementation found for java.lang.String com.microsoft.authentication.internal.OneAuthLogging.getCorrelationIdString() (tried Java_com_microsoft_authentication_internal_OneAuthLogging_getCorrelationIdString and Java_com_microsoft_authentication_internal_OneAuthLogging_getCorrelationIdString__) - is the library loaded, e.g. System.loadLibrary?
06-19 11:58:39.398 E/fice.powerpoint(26351): No implementation found for java.lang.String com.microsoft.authentication.internal.SharedUtil.tagToString(int) (tried Java_com_microsoft_authentication_internal_SharedUtil_tagToString and Java_com_microsoft_authentication_internal_SharedUtil_tagToString__I) - is the library loaded, e.g. System.loadLibrary?
06-19 11:58:39.398 E/ft.office.excel(26300): No implementation found for java.lang.String com.microsoft.authentication.internal.OneAuthLogging.getCorrelationIdString() (tried Java_com_microsoft_authentication_internal_OneAuthLogging_getCorrelationIdString and Java_com_microsoft_authentication_internal_OneAuthLogging_getCorrelationIdString__) - is the library loaded, e.g. System.loadLibrary?
06-19 11:58:39.401 E/fice.powerpoint(26351): No implementation found for void com.microsoft.authentication.internal.DiagnosticsAccumulator.logEvent(int, long, int, java.lang.String) (tried Java_com_microsoft_authentication_internal_DiagnosticsAccumulator_logEvent and Java_com_microsoft_authentication_internal_DiagnosticsAccumulator_logEvent__IJILjava_lang_String_2) - is the library loaded, e.g. System.loadLibrary?
06-19 11:58:39.402 E/fice.powerpoint(26351): No implementation found for java.lang.String com.microsoft.authentication.internal.SharedUtil.tagToString(int) (tried Java_com_microsoft_authentication_internal_SharedUtil_tagToString and Java_com_microsoft_authentication_internal_SharedUtil_tagToString__I) - is the library loaded, e.g. System.loadLibrary?
06-19 11:58:39.410 E/fice.powerpoint(26351): No implementation found for int com.microsoft.authentication.internal.Logging.nativeGetLoggingThreadId() (tried Java_com_microsoft_authentication_internal_Logging_nativeGetLoggingThreadId and Java_com_microsoft_authentication_internal_Logging_nativeGetLoggingThreadId__) - is the library loaded, e.g. System.loadLibrary?
06-19 11:58:39.414 E/fice.powerpoint(26351): No implementation found for java.lang.String com.microsoft.authentication.internal.OneAuthLogging.getCorrelationIdString() (tried Java_com_microsoft_authentication_internal_OneAuthLogging_getCorrelationIdString and Java_com_microsoft_authentication_internal_OneAuthLogging_getCorrelationIdString__) - is the library loaded, e.g. System.loadLibrary?
06-19 11:58:39.421 E/fice.powerpoint(26351): No implementation found for java.lang.String com.microsoft.authentication.internal.OneAuthLogging.getCorrelationIdString() (tried Java_com_microsoft_authentication_internal_OneAuthLogging_getCorrelationIdString and Java_com_microsoft_authentication_internal_OneAuthLogging_getCorrelationIdString__) - is the library loaded, e.g. System.loadLibrary?
06-19 11:58:39.427 E/fice.powerpoint(26351): No implementation found for java.lang.String com.microsoft.authentication.internal.OneAuthLogging.getCorrelationIdString() (tried Java_com_microsoft_authentication_internal_OneAuthLogging_getCorrelationIdString and Java_com_microsoft_authentication_internal_OneAuthLogging_getCorrelationIdString__) - is the library loaded, e.g. System.loadLibrary?
06-19 11:58:39.447 E/fice.powerpoint(26351): No implementation found for java.lang.String com.microsoft.authentication.internal.OneAuthLogging.getCorrelationIdString() (tried Java_com_microsoft_authentication_internal_OneAuthLogging_getCorrelationIdString and Java_com_microsoft_authentication_internal_OneAuthLogging_getCorrelationIdString__) - is the library loaded, e.g. System.loadLibrary?
06-19 11:58:39.448 E/fice.powerpoint(26351): No implementation found for java.lang.String com.microsoft.authentication.internal.OneAuthLogging.getCorrelationIdString() (tried Java_com_microsoft_authentication_internal_OneAuthLogging_getCorrelationIdString and Java_com_microsoft_authentication_internal_OneAuthLogging_getCorrelationIdString__) - is the library loaded, e.g. System.loadLibrary?
06-19 11:58:39.449 E/fice.powerpoint(26351): No implementation found for java.lang.String com.microsoft.authentication.internal.OneAuthLogging.getCorrelationIdString() (tried Java_com_microsoft_authentication_internal_OneAuthLogging_getCorrelationIdString and Java_com_microsoft_authentication_internal_OneAuthLogging_getCorrelationIdString__) - is the library loaded, e.g. System.loadLibrary?
06-19 11:58:39.504 E/oft.office.word(26364): No implementation found for void com.microsoft.authentication.internal.DiagnosticsAccumulator.logEvent(int, long, int, java.lang.String) (tried Java_com_microsoft_authentication_internal_DiagnosticsAccumulator_logEvent and Java_com_microsoft_authentication_internal_DiagnosticsAccumulator_logEvent__IJILjava_lang_String_2) - is the library loaded, e.g. System.loadLibrary?
06-19 11:58:39.504 E/oft.office.word(26364): No implementation found for java.lang.String com.microsoft.authentication.internal.SharedUtil.tagToString(int) (tried Java_com_microsoft_authentication_internal_SharedUtil_tagToString and Java_com_microsoft_authentication_internal_SharedUtil_tagToString__I) - is the library loaded, e.g. System.loadLibrary?
06-19 11:58:39.549 E/oft.office.word(26364): No implementation found for void com.microsoft.authentication.internal.DiagnosticsAccumulator.logEvent(int, long, int, java.lang.String) (tried Java_com_microsoft_authentication_internal_DiagnosticsAccumulator_logEvent and Java_com_microsoft_authentication_internal_DiagnosticsAccumulator_logEvent__IJILjava_lang_String_2) - is the library loaded, e.g. System.loadLibrary?
06-19 11:58:39.550 E/oft.office.word(26364): No implementation found for java.lang.String com.microsoft.authentication.internal.SharedUtil.tagToString(int) (tried Java_com_microsoft_authentication_internal_SharedUtil_tagToString and Java_com_microsoft_authentication_internal_SharedUtil_tagToString__I) - is the library loaded, e.g. System.loadLibrary?
06-19 11:58:39.551 E/oft.office.word(26364): No implementation found for void com.microsoft.authentication.internal.DiagnosticsAccumulator.logEvent(int, long, int, java.lang.String) (tried Java_com_microsoft_authentication_internal_DiagnosticsAccumulator_logEvent and Java_com_microsoft_authentication_internal_DiagnosticsAccumulator_logEvent__IJILjava_lang_String_2) - is the library loaded, e.g. System.loadLibrary?
06-19 11:58:39.559 E/oft.office.word(26364): No implementation found for java.lang.String com.microsoft.authentication.internal.SharedUtil.tagToString(int) (tried Java_com_microsoft_authentication_internal_SharedUtil_tagToString and Java_com_microsoft_authentication_internal_SharedUtil_tagToString__I) - is the library loaded, e.g. System.loadLibrary?
06-19 11:58:39.591 E/oft.office.word(26364): No implementation found for void com.microsoft.authentication.internal.DiagnosticsAccumulator.logEvent(int, long, int, java.lang.String) (tried Java_com_microsoft_authentication_internal_DiagnosticsAccumulator_logEvent and Java_com_microsoft_authentication_internal_DiagnosticsAccumulator_logEvent__IJILjava_lang_String_2) - is the library loaded, e.g. System.loadLibrary?
06-19 11:58:39.591 E/oft.office.word(26364): No implementation found for java.lang.String com.microsoft.authentication.internal.SharedUtil.tagToString(int) (tried Java_com_microsoft_authentication_internal_SharedUtil_tagToString and Java_com_microsoft_authentication_internal_SharedUtil_tagToString__I) - is the library loaded, e.g. System.loadLibrary?
06-19 11:58:39.621 E/ft.office.excel(26300): No implementation found for java.lang.String com.microsoft.authentication.internal.OneAuthLogging.getCorrelationIdString() (tried Java_com_microsoft_authentication_internal_OneAuthLogging_getCorrelationIdString and Java_com_microsoft_authentication_internal_OneAuthLogging_getCorrelationIdString__) - is the library loaded, e.g. System.loadLibrary?
06-19 11:58:39.632 E/ft.office.excel(26300): No implementation found for java.lang.String com.microsoft.authentication.internal.OneAuthLogging.getCorrelationIdString() (tried Java_com_microsoft_authentication_internal_OneAuthLogging_getCorrelationIdString and Java_com_microsoft_authentication_internal_OneAuthLogging_getCorrelationIdString__) - is the library loaded, e.g. System.loadLibrary?
06-19 11:58:39.635 E/fice.powerpoint(26351): No implementation found for java.lang.String com.microsoft.authentication.internal.OneAuthLogging.getCorrelationIdString() (tried Java_com_microsoft_authentication_internal_OneAuthLogging_getCorrelationIdString and Java_com_microsoft_authentication_internal_OneAuthLogging_getCorrelationIdString__) - is the library loaded, e.g. System.loadLibrary?
06-19 11:58:39.685 E/fice.powerpoint(26351): No implementation found for java.lang.String com.microsoft.authentication.internal.OneAuthLogging.getCorrelationIdString() (tried Java_com_microsoft_authentication_internal_OneAuthLogging_getCorrelationIdString and Java_com_microsoft_authentication_internal_OneAuthLogging_getCorrelationIdString__) - is the library loaded, e.g. System.loadLibrary?
06-19 11:58:39.729 E/oft.office.word(26364): No implementation found for int com.microsoft.authentication.internal.Logging.nativeGetLoggingThreadId() (tried Java_com_microsoft_authentication_internal_Logging_nativeGetLoggingThreadId and Java_com_microsoft_authentication_internal_Logging_nativeGetLoggingThreadId__) - is the library loaded, e.g. System.loadLibrary?
06-19 11:58:39.731 E/oft.office.word(26364): No implementation found for java.lang.String com.microsoft.authentication.internal.OneAuthLogging.getCorrelationIdString() (tried Java_com_microsoft_authentication_internal_OneAuthLogging_getCorrelationIdString and Java_com_microsoft_authentication_internal_OneAuthLogging_getCorrelationIdString__) - is the library loaded, e.g. System.loadLibrary?
06-19 11:58:39.732 E/oft.office.word(26364): No implementation found for java.lang.String com.microsoft.authentication.internal.OneAuthLogging.getCorrelationIdString() (tried Java_com_microsoft_authentication_internal_OneAuthLogging_getCorrelationIdString and Java_com_microsoft_authentication_internal_OneAuthLogging_getCorrelationIdString__) - is the library loaded, e.g. System.loadLibrary?
06-19 11:58:39.758 E/oft.office.word(26364): No implementation found for java.lang.String com.microsoft.authentication.internal.OneAuthLogging.getCorrelationIdString() (tried Java_com_microsoft_authentication_internal_OneAuthLogging_getCorrelationIdString and Java_com_microsoft_authentication_internal_OneAuthLogging_getCorrelationIdString__) - is the library loaded, e.g. System.loadLibrary?
06-19 11:58:39.785 E/oft.office.word(26364): No implementation found for java.lang.String com.microsoft.authentication.internal.OneAuthLogging.getCorrelationIdString() (tried Java_com_microsoft_authentication_internal_OneAuthLogging_getCorrelationIdString and Java_com_microsoft_authentication_internal_OneAuthLogging_getCorrelationIdString__) - is the library loaded, e.g. System.loadLibrary?
06-19 11:58:39.789 E/oft.office.word(26364): No implementation found for java.lang.String com.microsoft.authentication.internal.OneAuthLogging.getCorrelationIdString() (tried Java_com_microsoft_authentication_internal_OneAuthLogging_getCorrelationIdString and Java_com_microsoft_authentication_internal_OneAuthLogging_getCorrelationIdString__) - is the library loaded, e.g. System.loadLibrary?
06-19 11:58:39.789 E/oft.office.word(26364): No implementation found for java.lang.String com.microsoft.authentication.internal.OneAuthLogging.getCorrelationIdString() (tried Java_com_microsoft_authentication_internal_OneAuthLogging_getCorrelationIdString and Java_com_microsoft_authentication_internal_OneAuthLogging_getCorrelationIdString__) - is the library loaded, e.g. System.loadLibrary?
06-19 11:58:39.994 E/oft.office.word(26364): No implementation found for java.lang.String com.microsoft.authentication.internal.OneAuthLogging.getCorrelationIdString() (tried Java_com_microsoft_authentication_internal_OneAuthLogging_getCorrelationIdString and Java_com_microsoft_authentication_internal_OneAuthLogging_getCorrelationIdString__) - is the library loaded, e.g. System.loadLibrary?
06-19 11:58:40.080 E/oft.office.word(26364): No implementation found for java.lang.String com.microsoft.authentication.internal.OneAuthLogging.getCorrelationIdString() (tried Java_com_microsoft_authentication_internal_OneAuthLogging_getCorrelationIdString and Java_com_microsoft_authentication_internal_OneAuthLogging_getCorrelationIdString__) - is the library loaded, e.g. System.loadLibrary?
06-19 11:58:40.435 E/henticator:auth(26400): hiddenapi: Accessing hidden method Lsun/misc/Unsafe;->getAndAddLong(Ljava/lang/Object;JJ)J (runtime_flags=0, domain=core-platform, api=max-target-r) from Lio/opentelemetry/internal/shaded/jctools/util/UnsafeAccess; (domain=app, TargetSdkVersion=35) using reflection: denied
06-19 11:58:40.665 E/fice.powerpoint(26351): No implementation found for void com.microsoft.authentication.internal.DiagnosticsAccumulator.logEvent(int, long, int, java.lang.String) (tried Java_com_microsoft_authentication_internal_DiagnosticsAccumulator_logEvent and Java_com_microsoft_authentication_internal_DiagnosticsAccumulator_logEvent__IJILjava_lang_String_2) - is the library loaded, e.g. System.loadLibrary?
06-19 11:58:40.676 E/fice.powerpoint(26351): No implementation found for java.lang.String com.microsoft.authentication.internal.SharedUtil.tagToString(int) (tried Java_com_microsoft_authentication_internal_SharedUtil_tagToString and Java_com_microsoft_authentication_internal_SharedUtil_tagToString__I) - is the library loaded, e.g. System.loadLibrary?
06-19 11:58:40.687 E/fice.powerpoint(26351): No implementation found for java.lang.String com.microsoft.authentication.internal.OneAuthLogging.getCorrelationIdString() (tried Java_com_microsoft_authentication_internal_OneAuthLogging_getCorrelationIdString and Java_com_microsoft_authentication_internal_OneAuthLogging_getCorrelationIdString__) - is the library loaded, e.g. System.loadLibrary?
06-19 11:58:40.737 E/ce.officehubrow(26302): No implementation found for void com.microsoft.authentication.internal.Logging.nativeEnsureStaticLogCallback() (tried Java_com_microsoft_authentication_internal_Logging_nativeEnsureStaticLogCallback and Java_com_microsoft_authentication_internal_Logging_nativeEnsureStaticLogCallback__) - is the library loaded, e.g. System.loadLibrary?
06-19 11:58:40.738 E/ce.officehubrow(26302): No implementation found for void com.microsoft.authentication.internal.DiagnosticsAccumulator.logEvent(int, long, int, java.lang.String) (tried Java_com_microsoft_authentication_internal_DiagnosticsAccumulator_logEvent and Java_com_microsoft_authentication_internal_DiagnosticsAccumulator_logEvent__IJILjava_lang_String_2) - is the library loaded, e.g. System.loadLibrary?
06-19 11:58:40.738 E/ce.officehubrow(26302): No implementation found for java.lang.String com.microsoft.authentication.internal.SharedUtil.tagToString(int) (tried Java_com_microsoft_authentication_internal_SharedUtil_tagToString and Java_com_microsoft_authentication_internal_SharedUtil_tagToString__I) - is the library loaded, e.g. System.loadLibrary?
06-19 11:58:40.971 E/ce.officehubrow(26302): No implementation found for void com.microsoft.authentication.internal.DiagnosticsAccumulator.logEvent(int, long, int, java.lang.String) (tried Java_com_microsoft_authentication_internal_DiagnosticsAccumulator_logEvent and Java_com_microsoft_authentication_internal_DiagnosticsAccumulator_logEvent__IJILjava_lang_String_2) - is the library loaded, e.g. System.loadLibrary?
06-19 11:58:40.999 E/ce.officehubrow(26302): No implementation found for java.lang.String com.microsoft.authentication.internal.SharedUtil.tagToString(int) (tried Java_com_microsoft_authentication_internal_SharedUtil_tagToString and Java_com_microsoft_authentication_internal_SharedUtil_tagToString__I) - is the library loaded, e.g. System.loadLibrary?
06-19 11:58:40.985 E/ce.officehubrow(26302): No implementation found for void com.microsoft.authentication.internal.DiagnosticsAccumulator.logEvent(int, long, int, java.lang.String) (tried Java_com_microsoft_authentication_internal_DiagnosticsAccumulator_logEvent and Java_com_microsoft_authentication_internal_DiagnosticsAccumulator_logEvent__IJILjava_lang_String_2) - is the library loaded, e.g. System.loadLibrary?
06-19 11:58:41.001 E/ce.officehubrow(26302): No implementation found for java.lang.String com.microsoft.authentication.internal.SharedUtil.tagToString(int) (tried Java_com_microsoft_authentication_internal_SharedUtil_tagToString and Java_com_microsoft_authentication_internal_SharedUtil_tagToString__I) - is the library loaded, e.g. System.loadLibrary?
06-19 11:58:41.028 E/ce.officehubrow(26302): No implementation found for void com.microsoft.authentication.internal.DiagnosticsAccumulator.logEvent(int, long, int, java.lang.String) (tried Java_com_microsoft_authentication_internal_DiagnosticsAccumulator_logEvent and Java_com_microsoft_authentication_internal_DiagnosticsAccumulator_logEvent__IJILjava_lang_String_2) - is the library loaded, e.g. System.loadLibrary?
06-19 11:58:41.028 E/ce.officehubrow(26302): No implementation found for java.lang.String com.microsoft.authentication.internal.SharedUtil.tagToString(int) (tried Java_com_microsoft_authentication_internal_SharedUtil_tagToString and Java_com_microsoft_authentication_internal_SharedUtil_tagToString__I) - is the library loaded, e.g. System.loadLibrary?
06-19 11:58:41.037 E/ce.officehubrow(26302): No implementation found for void com.microsoft.authentication.internal.DiagnosticsAccumulator.logEvent(int, long, int, java.lang.String) (tried Java_com_microsoft_authentication_internal_DiagnosticsAccumulator_logEvent and Java_com_microsoft_authentication_internal_DiagnosticsAccumulator_logEvent__IJILjava_lang_String_2) - is the library loaded, e.g. System.loadLibrary?
06-19 11:58:41.037 E/ce.officehubrow(26302): No implementation found for java.lang.String com.microsoft.authentication.internal.SharedUtil.tagToString(int) (tried Java_com_microsoft_authentication_internal_SharedUtil_tagToString and Java_com_microsoft_authentication_internal_SharedUtil_tagToString__I) - is the library loaded, e.g. System.loadLibrary?
06-19 11:58:41.063 E/ce.officehubrow(26302): No implementation found for int com.microsoft.authentication.internal.Logging.nativeGetLoggingThreadId() (tried Java_com_microsoft_authentication_internal_Logging_nativeGetLoggingThreadId and Java_com_microsoft_authentication_internal_Logging_nativeGetLoggingThreadId__) - is the library loaded, e.g. System.loadLibrary?
06-19 11:58:41.063 E/ce.officehubrow(26302): No implementation found for java.lang.String com.microsoft.authentication.internal.OneAuthLogging.getCorrelationIdString() (tried Java_com_microsoft_authentication_internal_OneAuthLogging_getCorrelationIdString and Java_com_microsoft_authentication_internal_OneAuthLogging_getCorrelationIdString__) - is the library loaded, e.g. System.loadLibrary?
06-19 11:58:41.063 E/ce.officehubrow(26302): No implementation found for java.lang.String com.microsoft.authentication.internal.OneAuthLogging.getCorrelationIdString() (tried Java_com_microsoft_authentication_internal_OneAuthLogging_getCorrelationIdString and Java_com_microsoft_authentication_internal_OneAuthLogging_getCorrelationIdString__) - is the library loaded, e.g. System.loadLibrary?
06-19 11:58:41.064 E/ce.officehubrow(26302): No implementation found for java.lang.String com.microsoft.authentication.internal.OneAuthLogging.getCorrelationIdString() (tried Java_com_microsoft_authentication_internal_OneAuthLogging_getCorrelationIdString and Java_com_microsoft_authentication_internal_OneAuthLogging_getCorrelationIdString__) - is the library loaded, e.g. System.loadLibrary?
06-19 11:58:41.064 E/ce.officehubrow(26302): No implementation found for java.lang.String com.microsoft.authentication.internal.OneAuthLogging.getCorrelationIdString() (tried Java_com_microsoft_authentication_internal_OneAuthLogging_getCorrelationIdString and Java_com_microsoft_authentication_internal_OneAuthLogging_getCorrelationIdString__) - is the library loaded, e.g. System.loadLibrary?
